V1 4
FL c:/users/roberto/desktop/parity/parity.vhd 2013/08/31.01:55:06
FL C:/Users/Roberto/Desktop/parity/parity.vhd 2013/08/31.22:45:54
EN work/PARITY          FL C:/Users/Roberto/Desktop/parity/parity.vhd \
      PB ieee/STD_LOGIC_1164 PB ieee/STD_LOGIC_ARITH PB ieee/STD_LOGIC_UNSIGNED
AR work/PARITY/BEHAVIORAL FL C:/Users/Roberto/Desktop/parity/parity.vhd \
      EN work/PARITY
