V1 4
FL C:/Users/asus/Desktop/P_to_S/P_to_S.vhd 2014/11/19.12:23:29
EN work/P_TO_S          FL C:/Users/asus/Desktop/P_to_S/P_to_S.vhd \
      PB ieee/STD_LOGIC_1164 PB ieee/STD_LOGIC_ARITH PB ieee/STD_LOGIC_UNSIGNED
AR work/P_TO_S/BEHAVIORAL FL C:/Users/asus/Desktop/P_to_S/P_to_S.vhd \
      EN work/P_TO_S
FL c:/users/roberto/desktop/p_to_s/P_to_S.vhd 2013/09/19.15:56:33
