EN chrono NULL C:/Users/Roberto/Desktop/Chronometer/Chrono.vhd sub00/vhpl02
AR chronometer behavioral C:/Users/Roberto/Desktop/Chronometer/Chronometer.vhd sub00/vhpl01
EN chronometer NULL C:/Users/Roberto/Desktop/Chronometer/Chronometer.vhd sub00/vhpl00
AR chrono behavioral C:/Users/Roberto/Desktop/Chronometer/Chrono.vhd sub00/vhpl03
