V1 7
FL C:/Users/Roberto/Desktop/Chronometer/Chrono.vhd 2013/09/06.19:52:33
EN work/CHRONO          FL C:/Users/Roberto/Desktop/Chronometer/Chrono.vhd \
      PB ieee/STD_LOGIC_1164 PB ieee/STD_LOGIC_ARITH PB ieee/STD_LOGIC_UNSIGNED
AR work/CHRONO/BEHAVIORAL FL C:/Users/Roberto/Desktop/Chronometer/Chrono.vhd \
      EN work/CHRONO
FL C:/Users/Roberto/Desktop/Chronometer/Chronometer.vhd 2013/09/04.22:21:06
EN work/CHRONOMETER     FL C:/Users/Roberto/Desktop/Chronometer/Chronometer.vhd \
      PB ieee/STD_LOGIC_1164 PB ieee/STD_LOGIC_ARITH PB ieee/STD_LOGIC_UNSIGNED
AR work/CHRONOMETER/BEHAVIORAL \
      FL C:/Users/Roberto/Desktop/Chronometer/Chronometer.vhd EN work/CHRONOMETER
FL c:/users/roberto/desktop/chronometer/Chrono.vhd 2013/09/05.21:36:40
